******************************************************************************
             TMS320C2000 Linker PC v6.4.6                      
******************************************************************************
>> Linked Sat May 18 08:14:47 2019

OUTPUT FILE NAME:   <TNPC.out>
ENTRY POINT SYMBOL: "_c_int00"  address: 003f5678


MEMORY CONFIGURATION

         name            origin    length      used     unused   attr    fill
----------------------  --------  ---------  --------  --------  ----  --------
PAGE 0:
  RAML0                 00008000   00000800  000002ee  00000512  RWIX
  RAML1                 00008800   00000400  00000000  00000400  RWIX
  OTP                   003d7800   00000400  00000000  00000400  RWIX
  FLASHH                003d8000   00004000  00000000  00004000  RWIX
  FLASHG                003dc000   00004000  00000000  00004000  RWIX
  FLASHF                003e0000   00004000  00000000  00004000  RWIX
  FLASHE                003e4000   00004000  00000000  00004000  RWIX
  FLASHD                003e8000   00004000  000002ee  00003d12  RWIX
  FLASHC                003ec000   00004000  00000000  00004000  RWIX
  FLASHA                003f4000   00003f80  00001b3b  00002445  RWIX
  CSM_RSVD              003f7f80   00000076  00000000  00000076  RWIX
  BEGIN                 003f7ff6   00000002  00000002  00000000  RWIX
  CSM_PWL_P0            003f7ff8   00000008  00000000  00000008  RWIX
  FPUTABLES             003fd860   000006a0  00000000  000006a0  RWIX
  IQTABLES              003fdf00   00000b50  00000b50  00000000  RWIX
  IQTABLES2             003fea50   0000008c  00000000  0000008c  RWIX
  IQTABLES3             003feadc   000000aa  00000000  000000aa  RWIX
  ROM                   003ff3b0   00000c10  00000000  00000c10  RWIX
  RESET                 003fffc0   00000002  00000000  00000002  RWIX
  VECTORS               003fffc2   0000003e  00000000  0000003e  RWIX

PAGE 1:
  BOOT_RSVD             00000000   00000050  00000000  00000050  RWIX
  RAMM0                 00000050   000003b0  00000300  000000b0  RWIX
  RAMM1                 00000400   00000400  00000000  00000400  RWIX
  DEV_EMU               00000880   00000105  00000004  00000101  RWIX
  SYS_PWR_CTL           00000985   00000003  00000003  00000000  RWIX
  FLASH_REGS            00000a80   00000060  00000008  00000058  RWIX
  CSM                   00000ae0   00000020  00000010  00000010  RWIX
  ADC_RESULT            00000b00   00000020  00000010  00000010  RWIX
  CPU_TIMER0            00000c00   00000008  00000008  00000000  RWIX
  CPU_TIMER1            00000c08   00000008  00000008  00000000  RWIX
  CPU_TIMER2            00000c10   00000008  00000008  00000000  RWIX
  PIE_CTRL              00000ce0   00000020  0000001a  00000006  RWIX
  PIE_VECT              00000d00   00000100  00000100  00000000  RWIX
  DMA                   00001000   00000200  000000e0  00000120  RWIX
  CLA1                  00001400   00000080  00000040  00000040  RWIX
  USB0                  00004000   00001000  00000454  00000bac  RWIX
  McBSPA                00005000   00000040  00000024  0000001c  RWIX
  ECANA                 00006000   00000040  00000034  0000000c  RWIX
  ECANA_LAM             00006040   00000040  00000040  00000000  RWIX
  ECANA_MOTS            00006080   00000040  00000040  00000000  RWIX
  ECANA_MOTO            000060c0   00000040  00000040  00000000  RWIX
  ECANA_MBOX            00006100   00000100  00000100  00000000  RWIX
  COMP1                 00006400   00000020  00000014  0000000c  RWIX
  COMP2                 00006420   00000020  00000014  0000000c  RWIX
  COMP3                 00006440   00000020  00000014  0000000c  RWIX
  EPWM1                 00006800   00000040  00000040  00000000  RWIX
  EPWM2                 00006840   00000040  00000040  00000000  RWIX
  EPWM3                 00006880   00000040  00000040  00000000  RWIX
  EPWM4                 000068c0   00000040  00000040  00000000  RWIX
  EPWM5                 00006900   00000040  00000040  00000000  RWIX
  EPWM6                 00006940   00000040  00000040  00000000  RWIX
  EPWM7                 00006980   00000040  00000040  00000000  RWIX
  EPWM8                 000069c0   00000040  00000040  00000000  RWIX
  ECAP1                 00006a00   00000020  00000020  00000000  RWIX
  ECAP2                 00006a20   00000020  00000020  00000000  RWIX
  ECAP3                 00006a40   00000020  00000020  00000000  RWIX
  HRCAP1                00006ac0   00000020  0000001f  00000001  RWIX
  HRCAP2                00006ae0   00000020  0000001f  00000001  RWIX
  EQEP1                 00006b00   00000040  00000022  0000001e  RWIX
  EQEP2                 00006b40   00000040  00000022  0000001e  RWIX
  HRCAP3                00006c80   00000020  0000001f  00000001  RWIX
  HRCAP4                00006ca0   00000020  0000001f  00000001  RWIX
  GPIOCTRL              00006f80   00000040  00000040  00000000  RWIX
  GPIODAT               00006fc0   00000020  00000020  00000000  RWIX
  GPIOINT               00006fe0   00000020  00000020  00000000  RWIX
  SYSTEM                00007010   00000030  00000030  00000000  RWIX
  SPIA                  00007040   00000010  00000010  00000000  RWIX
  SCIA                  00007050   00000010  00000010  00000000  RWIX
  NMIINTRUPT            00007060   00000010  00000010  00000000  RWIX
  XINTRUPT              00007070   00000010  00000010  00000000  RWIX
  ADC                   00007100   00000080  00000050  00000030  RWIX
  SPIB                  00007740   00000010  00000010  00000000  RWIX
  SCIB                  00007750   00000010  00000010  00000000  RWIX
  I2CA                  00007900   00000040  00000022  0000001e  RWIX
  RAML2                 00008c00   00000400  000001a0  00000260  RWIX
  RAML3                 00009000   00001000  00000320  00000ce0  RWIX
  RAML4                 0000a000   00002000  00000000  00002000  RWIX
  RAML5                 0000c000   00002000  00000000  00002000  RWIX
  RAML6                 0000e000   00002000  00000000  00002000  RWIX
  RAML7                 00010000   00002000  00000000  00002000  RWIX
  RAML8                 00012000   00002000  00000000  00002000  RWIX
  USB_RAM               00040000   00000800  00000000  00000800  RWIX
  PARTID                003d7e80   00000001  00000001  00000000  RWIX
  FLASHB                003f0000   00004000  00000000  00004000  RWIX
  CSM_PWL               003f7ff8   00000008  00000008  00000000  RWIX


SECTION ALLOCATION MAP

 output                                  attributes/
section   page    origin      length       input sections
--------  ----  ----------  ----------   ----------------
ramfuncs   0    003e8000    000002ee     RUN ADDR = 00008000
                  003e8000    000002cf     main.obj (ramfuncs:retain)
                  003e82cf    0000001b     F2806x_SysCtrl.obj (ramfuncs)
                  003e82ea    00000004     F2806x_usDelay.obj (ramfuncs)

.text      0    003f4000    000017fe     
                  003f4000    0000077b     mathblock.obj (.text)
                  003f477b    0000039b     F2806x_DefaultIsr.obj (.text:retain)
                  003f4b16    0000024a     MyGrid.obj (.text)
                  003f4d60    0000023a     MyEPWM.obj (.text)
                  003f4f9a    000001df     main.obj (.text)
                  003f5179    000001db     MyADC.obj (.text)
                  003f5354    00000184     F2806x_SysCtrl.obj (.text)
                  003f54d8    00000088     rts2800_fpu32.lib : fs_div.obj (.text)
                  003f5560    00000083                       : fd_mpy.obj (.text)
                  003f55e3    0000004b     DLOG4CHC.obj (.text)
                  003f562e    0000004a     MySCI.obj (.text)
                  003f5678    00000046     rts2800_fpu32.lib : boot.obj (.text)
                  003f56be    00000037     MyGPIO.obj (.text)
                  003f56f5    00000028     F2806x_PieCtrl.obj (.text)
                  003f571d    00000028     F2806x_PieVect.obj (.text)
                  003f5745    0000001f     rts2800_fpu32.lib : fd_tol.obj (.text)
                  003f5764    0000001e                       : memcpy.obj (.text)
                  003f5782    0000001d                       : i_tofd.obj (.text)
                  003f579f    0000001c                       : fs_tofd.obj (.text)
                  003f57bb    00000019                       : args_main.obj (.text)
                  003f57d4    00000019                       : exit.obj (.text)
                  003f57ed    00000009                       : _lock.obj (.text)
                  003f57f6    00000008     F2806x_CodeStartBranch.obj (.text)

.cinit     0    003f57fe    000001e1     
                  003f57fe    000001cb     main.obj (.cinit)
                  003f59c9    0000000a     rts2800_fpu32.lib : exit.obj (.cinit)
                  003f59d3    00000005                       : _lock.obj (.cinit:__lock)
                  003f59d8    00000005                       : _lock.obj (.cinit:__unlock)
                  003f59dd    00000002     --HOLE-- [fill = 0]

.pinit     0    003f4000    00000000     UNINITIALIZED

.econst    0    003f59e0    0000010c     
                  003f59e0    00000100     F2806x_PieVect.obj (.econst)
                  003f5ae0    00000008     main.obj (.econst)
                  003f5ae8    00000004     MyGrid.obj (.econst)

IQmath     0    003f5aec    00000050     
                  003f5aec    00000029     IQmath_fpu32.lib : IQ24sinPU.obj (IQmath)
                  003f5b15    00000027                      : IQ24cosPU.obj (IQmath)

codestart 
*          0    003f7ff6    00000002     
                  003f7ff6    00000002     F2806x_CodeStartBranch.obj (codestart)

IQmathTables 
*          0    003fdf00    00000b50     NOLOAD SECTION
                  003fdf00    00000b50     IQmath_fpu32.lib : IQmathTables.obj (IQmathTables)

.stack     1    00000050    00000300     UNINITIALIZED
                  00000050    00000300     --HOLE--

DevEmuRegsFile 
*          1    00000880    00000004     UNINITIALIZED
                  00000880    00000004     F2806x_GlobalVariableDefs.obj (DevEmuRegsFile)

SysPwrCtrlRegsFile 
*          1    00000985    00000003     UNINITIALIZED
                  00000985    00000003     F2806x_GlobalVariableDefs.obj (SysPwrCtrlRegsFile)

FlashRegsFile 
*          1    00000a80    00000008     UNINITIALIZED
                  00000a80    00000008     F2806x_GlobalVariableDefs.obj (FlashRegsFile)

CsmRegsFile 
*          1    00000ae0    00000010     UNINITIALIZED
                  00000ae0    00000010     F2806x_GlobalVariableDefs.obj (CsmRegsFile)

AdcResultFile 
*          1    00000b00    00000010     UNINITIALIZED
                  00000b00    00000010     F2806x_GlobalVariableDefs.obj (AdcResultFile)

CpuTimer0RegsFile 
*          1    00000c00    00000008     UNINITIALIZED
                  00000c00    00000008     F2806x_GlobalVariableDefs.obj (CpuTimer0RegsFile)

CpuTimer1RegsFile 
*          1    00000c08    00000008     UNINITIALIZED
                  00000c08    00000008     F2806x_GlobalVariableDefs.obj (CpuTimer1RegsFile)

CpuTimer2RegsFile 
*          1    00000c10    00000008     UNINITIALIZED
                  00000c10    00000008     F2806x_GlobalVariableDefs.obj (CpuTimer2RegsFile)

PieCtrlRegsFile 
*          1    00000ce0    0000001a     UNINITIALIZED
                  00000ce0    0000001a     F2806x_GlobalVariableDefs.obj (PieCtrlRegsFile)

PieVectTableFile 
*          1    00000d00    00000100     UNINITIALIZED
                  00000d00    00000100     F2806x_GlobalVariableDefs.obj (PieVectTableFile)

EmuKeyVar 
*          1    00000d00    00000001     UNINITIALIZED
                  00000d00    00000001     F2806x_GlobalVariableDefs.obj (EmuKeyVar)

EmuBModeVar 
*          1    00000d01    00000001     UNINITIALIZED
                  00000d01    00000001     F2806x_GlobalVariableDefs.obj (EmuBModeVar)

FlashCallbackVar 
*          1    00000d02    00000002     UNINITIALIZED
                  00000d02    00000002     F2806x_GlobalVariableDefs.obj (FlashCallbackVar)

FlashScalingVar 
*          1    00000d04    00000002     UNINITIALIZED
                  00000d04    00000002     F2806x_GlobalVariableDefs.obj (FlashScalingVar)

DmaRegsFile 
*          1    00001000    000000e0     UNINITIALIZED
                  00001000    000000e0     F2806x_GlobalVariableDefs.obj (DmaRegsFile)

Cla1RegsFile 
*          1    00001400    00000040     UNINITIALIZED
                  00001400    00000040     F2806x_GlobalVariableDefs.obj (Cla1RegsFile)

Usb0RegsFile 
*          1    00004000    00000454     UNINITIALIZED
                  00004000    00000454     F2806x_GlobalVariableDefs.obj (Usb0RegsFile)

McbspaRegsFile 
*          1    00005000    00000024     UNINITIALIZED
                  00005000    00000024     F2806x_GlobalVariableDefs.obj (McbspaRegsFile)

ECanaRegsFile 
*          1    00006000    00000034     UNINITIALIZED
                  00006000    00000034     F2806x_GlobalVariableDefs.obj (ECanaRegsFile)

ECanaLAMRegsFile 
*          1    00006040    00000040     UNINITIALIZED
                  00006040    00000040     F2806x_GlobalVariableDefs.obj (ECanaLAMRegsFile)

ECanaMOTSRegsFile 
*          1    00006080    00000040     UNINITIALIZED
                  00006080    00000040     F2806x_GlobalVariableDefs.obj (ECanaMOTSRegsFile)

ECanaMOTORegsFile 
*          1    000060c0    00000040     UNINITIALIZED
                  000060c0    00000040     F2806x_GlobalVariableDefs.obj (ECanaMOTORegsFile)

ECanaMboxesFile 
*          1    00006100    00000100     UNINITIALIZED
                  00006100    00000100     F2806x_GlobalVariableDefs.obj (ECanaMboxesFile)

Comp1RegsFile 
*          1    00006400    00000014     UNINITIALIZED
                  00006400    00000014     F2806x_GlobalVariableDefs.obj (Comp1RegsFile)

Comp2RegsFile 
*          1    00006420    00000014     UNINITIALIZED
                  00006420    00000014     F2806x_GlobalVariableDefs.obj (Comp2RegsFile)

Comp3RegsFile 
*          1    00006440    00000014     UNINITIALIZED
                  00006440    00000014     F2806x_GlobalVariableDefs.obj (Comp3RegsFile)

EPwm1RegsFile 
*          1    00006800    00000040     UNINITIALIZED
                  00006800    00000040     F2806x_GlobalVariableDefs.obj (EPwm1RegsFile)

EPwm2RegsFile 
*          1    00006840    00000040     UNINITIALIZED
                  00006840    00000040     F2806x_GlobalVariableDefs.obj (EPwm2RegsFile)

EPwm3RegsFile 
*          1    00006880    00000040     UNINITIALIZED
                  00006880    00000040     F2806x_GlobalVariableDefs.obj (EPwm3RegsFile)

EPwm4RegsFile 
*          1    000068c0    00000040     UNINITIALIZED
                  000068c0    00000040     F2806x_GlobalVariableDefs.obj (EPwm4RegsFile)

EPwm5RegsFile 
*          1    00006900    00000040     UNINITIALIZED
                  00006900    00000040     F2806x_GlobalVariableDefs.obj (EPwm5RegsFile)

EPwm6RegsFile 
*          1    00006940    00000040     UNINITIALIZED
                  00006940    00000040     F2806x_GlobalVariableDefs.obj (EPwm6RegsFile)

EPwm7RegsFile 
*          1    00006980    00000040     UNINITIALIZED
                  00006980    00000040     F2806x_GlobalVariableDefs.obj (EPwm7RegsFile)

EPwm8RegsFile 
*          1    000069c0    00000040     UNINITIALIZED
                  000069c0    00000040     F2806x_GlobalVariableDefs.obj (EPwm8RegsFile)

ECap1RegsFile 
*          1    00006a00    00000020     UNINITIALIZED
                  00006a00    00000020     F2806x_GlobalVariableDefs.obj (ECap1RegsFile)

ECap2RegsFile 
*          1    00006a20    00000020     UNINITIALIZED
                  00006a20    00000020     F2806x_GlobalVariableDefs.obj (ECap2RegsFile)

ECap3RegsFile 
*          1    00006a40    00000020     UNINITIALIZED
                  00006a40    00000020     F2806x_GlobalVariableDefs.obj (ECap3RegsFile)

HRCap1RegsFile 
*          1    00006ac0    0000001f     UNINITIALIZED
                  00006ac0    0000001f     F2806x_GlobalVariableDefs.obj (HRCap1RegsFile)

HRCap2RegsFile 
*          1    00006ae0    0000001f     UNINITIALIZED
                  00006ae0    0000001f     F2806x_GlobalVariableDefs.obj (HRCap2RegsFile)

EQep1RegsFile 
*          1    00006b00    00000022     UNINITIALIZED
                  00006b00    00000022     F2806x_GlobalVariableDefs.obj (EQep1RegsFile)

EQep2RegsFile 
*          1    00006b40    00000022     UNINITIALIZED
                  00006b40    00000022     F2806x_GlobalVariableDefs.obj (EQep2RegsFile)

HRCap3RegsFile 
*          1    00006c80    0000001f     UNINITIALIZED
                  00006c80    0000001f     F2806x_GlobalVariableDefs.obj (HRCap3RegsFile)

HRCap4RegsFile 
*          1    00006ca0    0000001f     UNINITIALIZED
                  00006ca0    0000001f     F2806x_GlobalVariableDefs.obj (HRCap4RegsFile)

GpioCtrlRegsFile 
*          1    00006f80    00000040     UNINITIALIZED
                  00006f80    00000040     F2806x_GlobalVariableDefs.obj (GpioCtrlRegsFile)

GpioDataRegsFile 
*          1    00006fc0    00000020     UNINITIALIZED
                  00006fc0    00000020     F2806x_GlobalVariableDefs.obj (GpioDataRegsFile)

GpioIntRegsFile 
*          1    00006fe0    00000020     UNINITIALIZED
                  00006fe0    00000020     F2806x_GlobalVariableDefs.obj (GpioIntRegsFile)

SysCtrlRegsFile 
*          1    00007010    00000030     UNINITIALIZED
                  00007010    00000030     F2806x_GlobalVariableDefs.obj (SysCtrlRegsFile)

SpiaRegsFile 
*          1    00007040    00000010     UNINITIALIZED
                  00007040    00000010     F2806x_GlobalVariableDefs.obj (SpiaRegsFile)

SciaRegsFile 
*          1    00007050    00000010     UNINITIALIZED
                  00007050    00000010     F2806x_GlobalVariableDefs.obj (SciaRegsFile)

NmiIntruptRegsFile 
*          1    00007060    00000010     UNINITIALIZED
                  00007060    00000010     F2806x_GlobalVariableDefs.obj (NmiIntruptRegsFile)

XIntruptRegsFile 
*          1    00007070    00000010     UNINITIALIZED
                  00007070    00000010     F2806x_GlobalVariableDefs.obj (XIntruptRegsFile)

AdcRegsFile 
*          1    00007100    00000050     UNINITIALIZED
                  00007100    00000050     F2806x_GlobalVariableDefs.obj (AdcRegsFile)

SpibRegsFile 
*          1    00007740    00000010     UNINITIALIZED
                  00007740    00000010     F2806x_GlobalVariableDefs.obj (SpibRegsFile)

ScibRegsFile 
*          1    00007750    00000010     UNINITIALIZED
                  00007750    00000010     F2806x_GlobalVariableDefs.obj (ScibRegsFile)

I2caRegsFile 
*          1    00007900    00000022     UNINITIALIZED
                  00007900    00000022     F2806x_GlobalVariableDefs.obj (I2caRegsFile)

.ebss      1    00008c00    000001a0     UNINITIALIZED
                  00008c00    00000180     main.obj (.ebss)
                  00008d80    00000018     F2806x_CpuTimers.obj (.ebss)
                  00008d98    00000004     rts2800_fpu32.lib : exit.obj (.ebss)
                  00008d9c    00000002                       : _lock.obj (.ebss:__lock)
                  00008d9e    00000002                       : _lock.obj (.ebss:__unlock)

.reset     0    003fffc0    00000002     DSECT
                  003fffc0    00000002     rts2800_fpu32.lib : boot.obj (.reset)

vectors    0    003fffc2    00000000     DSECT

DLOG       1    00009000    00000320     UNINITIALIZED
                  00009000    00000320     DLOG4CHC.obj (DLOG)

PartIdRegsFile 
*          1    003d7e80    00000001     UNINITIALIZED
                  003d7e80    00000001     F2806x_GlobalVariableDefs.obj (PartIdRegsFile)

CsmPwlFile 
*          1    003f7ff8    00000008     UNINITIALIZED
                  003f7ff8    00000008     F2806x_GlobalVariableDefs.obj (CsmPwlFile)


GLOBAL DATA SYMBOLS: SORTED BY DATA PAGE

address     data page           name
--------    ----------------    ----
00000050       1 (00000040)     __stack

00000880      22 (00000880)     _DevEmuRegs

00000985      26 (00000980)     _SysPwrCtrlRegs

00000a80      2a (00000a80)     _FlashRegs

00000ae0      2b (00000ac0)     _CsmRegs

00000b00      2c (00000b00)     _AdcResult

00000c00      30 (00000c00)     _CpuTimer0Regs
00000c08      30 (00000c00)     _CpuTimer1Regs
00000c10      30 (00000c00)     _CpuTimer2Regs

00000ce0      33 (00000cc0)     _PieCtrlRegs

00000d00      34 (00000d00)     _EmuKey
00000d00      34 (00000d00)     _PieVectTable
00000d01      34 (00000d00)     _EmuBMode
00000d02      34 (00000d00)     _Flash_CallbackPtr
00000d04      34 (00000d00)     _Flash_CPUScaleFactor

00001000      40 (00001000)     _DmaRegs

00001400      50 (00001400)     _Cla1Regs

00004000     100 (00004000)     _Usb0Regs

00005000     140 (00005000)     _McbspaRegs

00006000     180 (00006000)     _ECanaRegs

00006040     181 (00006040)     _ECanaLAMRegs

00006080     182 (00006080)     _ECanaMOTSRegs

000060c0     183 (000060c0)     _ECanaMOTORegs

00006100     184 (00006100)     _ECanaMboxes

00006400     190 (00006400)     _Comp1Regs
00006420     190 (00006400)     _Comp2Regs

00006440     191 (00006440)     _Comp3Regs

00006800     1a0 (00006800)     _EPwm1Regs

00006840     1a1 (00006840)     _EPwm2Regs

00006880     1a2 (00006880)     _EPwm3Regs

000068c0     1a3 (000068c0)     _EPwm4Regs

00006900     1a4 (00006900)     _EPwm5Regs

00006940     1a5 (00006940)     _EPwm6Regs

00006980     1a6 (00006980)     _EPwm7Regs

000069c0     1a7 (000069c0)     _EPwm8Regs

00006a00     1a8 (00006a00)     _ECap1Regs
00006a20     1a8 (00006a00)     _ECap2Regs

00006a40     1a9 (00006a40)     _ECap3Regs

00006ac0     1ab (00006ac0)     _HRCap1Regs
00006ae0     1ab (00006ac0)     _HRCap2Regs

00006b00     1ac (00006b00)     _EQep1Regs

00006b40     1ad (00006b40)     _EQep2Regs

00006c80     1b2 (00006c80)     _HRCap3Regs
00006ca0     1b2 (00006c80)     _HRCap4Regs

00006f80     1be (00006f80)     _GpioCtrlRegs

00006fc0     1bf (00006fc0)     _GpioDataRegs
00006fe0     1bf (00006fc0)     _GpioIntRegs

00007010     1c0 (00007000)     _SysCtrlRegs

00007040     1c1 (00007040)     _SpiaRegs
00007050     1c1 (00007040)     _SciaRegs
00007060     1c1 (00007040)     _NmiIntruptRegs
00007070     1c1 (00007040)     _XIntruptRegs

00007100     1c4 (00007100)     _AdcRegs

00007740     1dd (00007740)     _SpibRegs
00007750     1dd (00007740)     _ScibRegs

00007900     1e4 (00007900)     _I2caRegs

00008c00     230 (00008c00)     _DlogCh3
00008c02     230 (00008c00)     _start
00008c03     230 (00008c00)     _cbstatus
00008c04     230 (00008c00)     _buflag
00008c05     230 (00008c00)     _DlogCh2
00008c06     230 (00008c00)     _DlogCh1
00008c07     230 (00008c00)     _DlogCh4
00008c10     230 (00008c00)     _oVA
00008c12     230 (00008c00)     _oVB
00008c14     230 (00008c00)     _oIB
00008c16     230 (00008c00)     _K1
00008c18     230 (00008c00)     _K2
00008c1a     230 (00008c00)     _oIC
00008c1c     230 (00008c00)     _oVC
00008c1e     230 (00008c00)     _LoopCount
00008c20     230 (00008c00)     _IsrTicker
00008c22     230 (00008c00)     _EPwmCount
00008c24     230 (00008c00)     _Vpu
00008c26     230 (00008c00)     _oIA
00008c28     230 (00008c00)     _IQref
00008c2a     230 (00008c00)     _IDref
00008c2c     230 (00008c00)     _T
00008c2e     230 (00008c00)     _bucount
00008c30     230 (00008c00)     _ZLpu

00008c40     231 (00008c40)     _TrigSel
00008c50     231 (00008c40)     _ChSel
00008c60     231 (00008c40)     _rc1
00008c70     231 (00008c40)     _ACQPS

00008c80     232 (00008c80)     _pll
00008c96     232 (00008c80)     _dlog

00008cc0     233 (00008cc0)     _pi_id
00008cd8     233 (00008cc0)     _pi_iq

00008d00     234 (00008d00)     _curr
00008d1e     234 (00008d00)     _vref

00008d40     235 (00008d40)     _vols
00008d5e     235 (00008d40)     _pwm3l

00008d80     236 (00008d80)     _CpuTimer1
00008d88     236 (00008d80)     _CpuTimer2
00008d90     236 (00008d80)     _CpuTimer0
00008d98     236 (00008d80)     ___TI_cleanup_ptr
00008d9a     236 (00008d80)     ___TI_dtors_ptr
00008d9c     236 (00008d80)     __lock
00008d9e     236 (00008d80)     __unlock

003d7e80    f5fa (003d7e80)     _PartIdRegs

003f59e0    fd67 (003f59c0)     _PieVectTableInit

003f7ff8    fdff (003f7fc0)     _CsmPwl

003fdf00    ff7c (003fdf00)     _IQsinTable

003fe000    ff80 (003fe000)     _IQcosTable

003fe300    ff8c (003fe300)     _IQsinTableEnd

003fe402    ff90 (003fe400)     _IQcosTableEnd
003fe402    ff90 (003fe400)     _IQdivRoundSatTable
003fe410    ff90 (003fe400)     _IQdivTable

003fe612    ff98 (003fe600)     _IQdivTableEnd
003fe612    ff98 (003fe600)     _IQisqrtRoundSatTable
003fe612    ff98 (003fe600)     _IQsqrtRoundSatTable
003fe622    ff98 (003fe600)     _IQisqrtTable
003fe622    ff98 (003fe600)     _IQsqrtTable

003fe724    ff9c (003fe700)     _IQatan2HalfPITable
003fe724    ff9c (003fe700)     _IQisqrtTableEnd
003fe724    ff9c (003fe700)     _IQsqrtTableEnd

003fe762    ff9d (003fe740)     _IQatan2Table

003fe8e8    ffa3 (003fe8c0)     _IQ30mpyRndSatTable
003fe8e8    ffa3 (003fe8c0)     _IQatan2TableEnd
003fe8e8    ffa3 (003fe8c0)     _IQmpyRndSatTable
003fe8f4    ffa3 (003fe8c0)     _IQ29mpyRndSatTable

003fe900    ffa4 (003fe900)     _IQ28mpyRndSatTable
003fe90c    ffa4 (003fe900)     _IQ27mpyRndSatTable
003fe918    ffa4 (003fe900)     _IQ26mpyRndSatTable
003fe924    ffa4 (003fe900)     _IQ25mpyRndSatTable
003fe930    ffa4 (003fe900)     _IQ24mpyRndSatTable
003fe93c    ffa4 (003fe900)     _IQ23mpyRndSatTable

003fe948    ffa5 (003fe940)     _IQ22mpyRndSatTable
003fe954    ffa5 (003fe940)     _IQ21mpyRndSatTable
003fe960    ffa5 (003fe940)     _IQ20mpyRndSatTable
003fe96c    ffa5 (003fe940)     _IQ19mpyRndSatTable
003fe978    ffa5 (003fe940)     _IQ18mpyRndSatTable

003fe984    ffa6 (003fe980)     _IQ17mpyRndSatTable
003fe990    ffa6 (003fe980)     _IQ16mpyRndSatTable
003fe99c    ffa6 (003fe980)     _IQ15mpyRndSatTable
003fe9a8    ffa6 (003fe980)     _IQ14mpyRndSatTable
003fe9b4    ffa6 (003fe980)     _IQ13mpyRndSatTable

003fe9c0    ffa7 (003fe9c0)     _IQ12mpyRndSatTable
003fe9cc    ffa7 (003fe9c0)     _IQ11mpyRndSatTable
003fe9d8    ffa7 (003fe9c0)     _IQ10mpyRndSatTable
003fe9e4    ffa7 (003fe9c0)     _IQ9mpyRndSatTable
003fe9f0    ffa7 (003fe9c0)     _IQ8mpyRndSatTable
003fe9fc    ffa7 (003fe9c0)     _IQ7mpyRndSatTable

003fea08    ffa8 (003fea00)     _IQ6mpyRndSatTable
003fea14    ffa8 (003fea00)     _IQ5mpyRndSatTable
003fea20    ffa8 (003fea00)     _IQ4mpyRndSatTable
003fea2c    ffa8 (003fea00)     _IQ3mpyRndSatTable
003fea38    ffa8 (003fea00)     _IQ2mpyRndSatTable

003fea44    ffa9 (003fea40)     _IQ1mpyRndSatTable
003fea50    ffa9 (003fea40)     _IQmpyRndSatTableEnd


GLOBAL SYMBOLS: SORTED ALPHABETICALLY BY Name 

page  address   name                 
----  -------   ----                 
0     003f4000  .text                
0     003f57d4  C$$EXIT              
0     003f5560  FD$$MPY              
0     003f5745  FD$$TOL              
0     003f54d8  FS$$DIV              
0     003f579f  FS$$TOFD             
0     003f5782  I$$TOFD              
0     003f4b16  _ABC_DQ              
1     00008c70  _ACQPS               
0     003f4839  _ADCINT1_ISR         
0     003f4843  _ADCINT2_ISR         
0     003f4a4b  _ADCINT3_ISR         
0     003f4a55  _ADCINT4_ISR         
0     003f4a5f  _ADCINT5_ISR         
0     003f4a69  _ADCINT6_ISR         
0     003f4a73  _ADCINT7_ISR         
0     003f4a7d  _ADCINT8_ISR         
0     003f4861  _ADCINT9_ISR         
1     00007100  _AdcRegs             
1     00000b00  _AdcResult           
0     003f5112  _CHECKCB             
0     003f4a87  _CLA1_INT1_ISR       
0     003f4a91  _CLA1_INT2_ISR       
0     003f4a9b  _CLA1_INT3_ISR       
0     003f4aa5  _CLA1_INT4_ISR       
0     003f4aaf  _CLA1_INT5_ISR       
0     003f4ab9  _CLA1_INT6_ISR       
0     003f4ac3  _CLA1_INT7_ISR       
0     003f4acd  _CLA1_INT8_ISR       
0     003f4198  _CLARKE_TRFORM       
1     00008c50  _ChSel               
1     00001400  _Cla1Regs            
1     00006400  _Comp1Regs           
1     00006420  _Comp2Regs           
1     00006440  _Comp3Regs           
1     00008d90  _CpuTimer0           
1     00000c00  _CpuTimer0Regs       
1     00008d80  _CpuTimer1           
1     00000c08  _CpuTimer1Regs       
1     00008d88  _CpuTimer2           
1     00000c10  _CpuTimer2Regs       
1     003f7ff8  _CsmPwl              
1     00000ae0  _CsmRegs             
0     003f5459  _CsmUnlock           
0     003f478f  _DATALOG_ISR         
0     003f49bf  _DINTCH1_ISR         
0     003f49c9  _DINTCH2_ISR         
0     003f49d3  _DINTCH3_ISR         
0     003f49dd  _DINTCH4_ISR         
0     003f49e7  _DINTCH5_ISR         
0     003f49f1  _DINTCH6_ISR         
0     003f55e3  _DLOG_4CH_init       
0     003f55ee  _DLOG_4CH_update     
0     003f4b95  _DQ_ABC              
0     000082ea  _DSP28x_usDelay      
0     003f4743  _DUTYOFF             
0     003f466c  _DUTYSINTNPC         
0     003f43a8  _DUTYSVTNPC          
1     00000880  _DevEmuRegs          
0     003f5378  _DisableDog          
0     003f56df  _DisableDriver       
1     00008c06  _DlogCh1             
1     00008c05  _DlogCh2             
1     00008c00  _DlogCh3             
1     00008c07  _DlogCh4             
1     00001000  _DmaRegs             
0     003f4a37  _ECAN0INTA_ISR       
0     003f4a41  _ECAN1INTA_ISR       
0     003f491f  _ECAP1_INT_ISR       
0     003f4929  _ECAP2_INT_ISR       
0     003f4933  _ECAP3_INT_ISR       
1     00006040  _ECanaLAMRegs        
1     000060c0  _ECanaMOTORegs       
1     00006080  _ECanaMOTSRegs       
1     00006100  _ECanaMboxes         
1     00006000  _ECanaRegs           
1     00006a00  _ECap1Regs           
1     00006a20  _ECap2Regs           
1     00006a40  _ECap3Regs           
0     003f4af5  _EMPTY_ISR           
0     003f47a3  _EMUINT_ISR          
0     003f5666  _ENRX                
0     003f565e  _ENTX                
0     003f48cf  _EPWM1_INT_ISR       
0     003f487f  _EPWM1_TZINT_ISR     
0     003f48d9  _EPWM2_INT_ISR       
0     003f4889  _EPWM2_TZINT_ISR     
0     003f48e3  _EPWM3_INT_ISR       
0     003f4893  _EPWM3_TZINT_ISR     
0     003f48ed  _EPWM4_INT_ISR       
0     003f489d  _EPWM4_TZINT_ISR     
0     003f48f7  _EPWM5_INT_ISR       
0     003f48a7  _EPWM5_TZINT_ISR     
0     003f4901  _EPWM6_INT_ISR       
0     003f48b1  _EPWM6_TZINT_ISR     
0     003f490b  _EPWM7_INT_ISR       
0     003f48bb  _EPWM7_TZINT_ISR     
0     003f4915  _EPWM8_INT_ISR       
0     003f48c5  _EPWM8_TZINT_ISR     
1     00006800  _EPwm1Regs           
1     00006840  _EPwm2Regs           
1     00006880  _EPwm3Regs           
1     000068c0  _EPwm4Regs           
1     00006900  _EPwm5Regs           
1     00006940  _EPwm6Regs           
1     00006980  _EPwm7Regs           
1     000069c0  _EPwm8Regs           
1     00008c22  _EPwmCount           
0     003f4951  _EQEP1_INT_ISR       
0     003f495b  _EQEP2_INT_ISR       
1     00006b00  _EQep1Regs           
1     00006b40  _EQep2Regs           
1     00000d01  _EmuBMode            
1     00000d00  _EmuKey              
0     003f56e9  _EnableDriver        
0     003f5714  _EnableInterrupts    
0     003f54c2  _ExtOscSel           
1     00000a80  _FlashRegs           
1     00000d04  _Flash_CPUScaleFactor
1     00000d02  _Flash_CallbackPtr   
1     00006f80  _GpioCtrlRegs        
1     00006fc0  _GpioDataRegs        
1     00006fe0  _GpioIntRegs         
0     003f493d  _HRCAP1_INT_ISR      
0     003f4947  _HRCAP2_INT_ISR      
0     003f4965  _HRCAP3_INT_ISR      
0     003f496f  _HRCAP4_INT_ISR      
1     00006ac0  _HRCap1Regs          
1     00006ae0  _HRCap2Regs          
1     00006c80  _HRCap3Regs          
1     00006ca0  _HRCap4Regs          
0     003f49fb  _I2CINT1A_ISR        
0     003f4a05  _I2CINT2A_ISR        
1     00007900  _I2caRegs            
1     00008c2a  _IDref               
0     003f47b7  _ILLEGAL_ISR         
0     003f477b  _INT13_ISR           
0     003f4785  _INT14_ISR           
0     003f415e  _IPARK_TRFORM        
0     003fe9d8  _IQ10mpyRndSatTable  
0     003fe9cc  _IQ11mpyRndSatTable  
0     003fe9c0  _IQ12mpyRndSatTable  
0     003fe9b4  _IQ13mpyRndSatTable  
0     003fe9a8  _IQ14mpyRndSatTable  
0     003fe99c  _IQ15mpyRndSatTable  
0     003fe990  _IQ16mpyRndSatTable  
0     003fe984  _IQ17mpyRndSatTable  
0     003fe978  _IQ18mpyRndSatTable  
0     003fe96c  _IQ19mpyRndSatTable  
0     003fea44  _IQ1mpyRndSatTable   
0     003fe960  _IQ20mpyRndSatTable  
0     003fe954  _IQ21mpyRndSatTable  
0     003fe948  _IQ22mpyRndSatTable  
0     003fe93c  _IQ23mpyRndSatTable  
0     003fe930  _IQ24mpyRndSatTable  
0     003fe924  _IQ25mpyRndSatTable  
0     003fe918  _IQ26mpyRndSatTable  
0     003fe90c  _IQ27mpyRndSatTable  
0     003fe900  _IQ28mpyRndSatTable  
0     003fe8f4  _IQ29mpyRndSatTable  
0     003fea38  _IQ2mpyRndSatTable   
0     003fe8e8  _IQ30mpyRndSatTable  
0     003fea2c  _IQ3mpyRndSatTable   
0     003fea20  _IQ4mpyRndSatTable   
0     003fea14  _IQ5mpyRndSatTable   
0     003fea08  _IQ6mpyRndSatTable   
0     003fe9fc  _IQ7mpyRndSatTable   
0     003fe9f0  _IQ8mpyRndSatTable   
0     003fe9e4  _IQ9mpyRndSatTable   
0     003fe724  _IQatan2HalfPITable  
0     003fe762  _IQatan2Table        
0     003fe8e8  _IQatan2TableEnd     
0     003fe000  _IQcosTable          
0     003fe402  _IQcosTableEnd       
0     003fe402  _IQdivRoundSatTable  
0     003fe410  _IQdivTable          
0     003fe612  _IQdivTableEnd       
0     003fe612  _IQisqrtRoundSatTable
0     003fe622  _IQisqrtTable        
0     003fe724  _IQisqrtTableEnd     
0     003fe8e8  _IQmpyRndSatTable    
0     003fea50  _IQmpyRndSatTableEnd 
1     00008c28  _IQref               
0     003fdf00  _IQsinTable          
0     003fe300  _IQsinTableEnd       
0     003fe612  _IQsqrtRoundSatTable 
0     003fe622  _IQsqrtTable         
0     003fe724  _IQsqrtTableEnd      
0     000082cf  _InitFlash           
0     003f5403  _InitPeripheralClocks
0     003f56f5  _InitPieCtrl         
0     003f571d  _InitPieVectTable    
0     003f5380  _InitPll             
0     003f53d5  _InitPll2            
0     003f5354  _InitSysCtrl         
0     003f548a  _IntOsc1Sel          
0     003f549a  _IntOsc2Sel          
1     00008c20  _IsrTicker           
1     00008c16  _K1                  
1     00008c18  _K2                  
0     003f4aeb  _LUF_ISR             
0     003f4ae1  _LVF_ISR             
1     00008c1e  _LoopCount           
0     003f4244  _MAPVECTOR           
0     003f49ab  _MRINTA_ISR          
0     003f49b5  _MXINTA_ISR          
0     00008000  _MainISR             
1     00005000  _McbspaRegs          
0     003f5179  _MyInitADC           
0     003f4d60  _MyInitEPwmGpio      
0     003f4db2  _MyInitEPwmSIN3L     
0     003f56be  _MyInitGpio          
0     003f562e  _MySciaGpio          
0     003f47ad  _NMI_ISR             
1     00007060  _NmiIntruptRegs      
0     00008208  _OffsetISR           
0     003f41b1  _PARK_TRFORM         
0     003f4b02  _PIE_RESERVED        
0     003f41e6  _PI_CONTROLER        
0     003f4cef  _PLL3P               
0     003f4ca4  _PLL3P_INIT          
0     003f4ef9  _PWM3L_UPDATE        
1     003d7e80  _PartIdRegs          
1     00000ce0  _PieCtrlRegs         
1     00000d00  _PieVectTable        
0     003f59e0  _PieVectTableInit    
0     003f4000  _RAMP_CNTL           
0     003f405e  _RAMP_GEN            
0     003f5644  _RS485_INIT          
0     003f4799  _RTOSINT_ISR         
0     003e82ee  _RamfuncsLoadEnd     
abs   000002ee  _RamfuncsLoadSize    
0     003e8000  _RamfuncsLoadStart   
0     00008000  _RamfuncsRunStart    
0     003f4a0f  _SCIRXINTA_ISR       
0     003f4a23  _SCIRXINTB_ISR       
0     003f4a19  _SCITXINTA_ISR       
0     003f4a2d  _SCITXINTB_ISR       
0     003f4569  _SIN3P_GEN           
0     003f4c04  _SIN3P_SFO           
0     003f4983  _SPIRXINTA_ISR       
0     003f4997  _SPIRXINTB_ISR       
0     003f498d  _SPITXINTA_ISR       
0     003f49a1  _SPITXINTB_ISR       
0     003f4084  _SVGEN_PWM           
1     00007050  _SciaRegs            
1     00007750  _ScibRegs            
0     003f536e  _ServiceDog          
1     00007040  _SpiaRegs            
1     00007740  _SpibRegs            
1     00007010  _SysCtrlRegs         
1     00000985  _SysPwrCtrlRegs      
1     00008c2c  _T                   
0     003f486b  _TINT0_ISR           
1     00008c40  _TrigSel             
0     003f4979  _USB0_INT_ISR        
0     003f481b  _USER10_ISR          
0     003f4825  _USER11_ISR          
0     003f482f  _USER12_ISR          
0     003f47c1  _USER1_ISR           
0     003f47cb  _USER2_ISR           
0     003f47d5  _USER3_ISR           
0     003f47df  _USER4_ISR           
0     003f47e9  _USER5_ISR           
0     003f47f3  _USER6_ISR           
0     003f47fd  _USER7_ISR           
0     003f4807  _USER8_ISR           
0     003f4811  _USER9_ISR           
1     00004000  _Usb0Regs            
1     00008c24  _Vpu                 
0     003f4875  _WAKEINT_ISR         
0     003f484d  _XINT1_ISR           
0     003f4857  _XINT2_ISR           
0     003f4ad7  _XINT3_ISR           
1     00007070  _XIntruptRegs        
0     003f54ae  _XtalOscSel          
1     00008c30  _ZLpu                
0     003f5b15  __IQ24cosPU          
0     003f5aec  __IQ24sinPU          
1     00000350  __STACK_END          
abs   00000300  __STACK_SIZE         
1     00008d98  ___TI_cleanup_ptr    
1     00008d9a  ___TI_dtors_ptr      
abs   ffffffff  ___binit__           
abs   ffffffff  ___c_args__          
0     003f57fe  ___cinit__           
0     003f57fe  ___etext__           
abs   ffffffff  ___pinit__           
0     003f4000  ___text__            
0     003f57bb  __args_main          
1     00008d9c  __lock               
0     003f57f5  __nop                
0     003f57f1  __register_lock      
0     003f57ed  __register_unlock    
1     00000050  __stack              
1     00008d9e  __unlock             
0     003f57d4  _abort               
1     00008c2e  _bucount             
1     00008c04  _buflag              
0     003f5678  _c_int00             
1     00008c03  _cbstatus            
1     00008d00  _curr                
1     00008c96  _dlog                
0     003f57d6  _exit                
0     003f4f9a  _main                
0     003f5764  _memcpy              
1     00008c26  _oIA                 
1     00008c14  _oIB                 
1     00008c1a  _oIC                 
1     00008c10  _oVA                 
1     00008c12  _oVB                 
1     00008c1c  _oVC                 
1     00008cc0  _pi_id               
1     00008cd8  _pi_iq               
1     00008c80  _pll                 
1     00008d5e  _pwm3l               
1     00008c60  _rc1                 
0     003f4b0c  _rsvd_ISR            
0     003f566e  _scia_xmit           
1     00008c02  _start               
1     00008d40  _vols                
1     00008d1e  _vref                
abs   ffffffff  binit                
0     003f57fe  cinit                
0     003f7ff6  code_start           
0     003f57fe  etext                
abs   ffffffff  pinit                


GLOBAL SYMBOLS: SORTED BY Symbol Address 

page  address   name                 
----  -------   ----                 
0     00008000  _MainISR             
0     00008000  _RamfuncsRunStart    
0     00008208  _OffsetISR           
0     000082cf  _InitFlash           
0     000082ea  _DSP28x_usDelay      
0     003e8000  _RamfuncsLoadStart   
0     003e82ee  _RamfuncsLoadEnd     
0     003f4000  .text                
0     003f4000  _RAMP_CNTL           
0     003f4000  ___text__            
0     003f405e  _RAMP_GEN            
0     003f4084  _SVGEN_PWM           
0     003f415e  _IPARK_TRFORM        
0     003f4198  _CLARKE_TRFORM       
0     003f41b1  _PARK_TRFORM         
0     003f41e6  _PI_CONTROLER        
0     003f4244  _MAPVECTOR           
0     003f43a8  _DUTYSVTNPC          
0     003f4569  _SIN3P_GEN           
0     003f466c  _DUTYSINTNPC         
0     003f4743  _DUTYOFF             
0     003f477b  _INT13_ISR           
0     003f4785  _INT14_ISR           
0     003f478f  _DATALOG_ISR         
0     003f4799  _RTOSINT_ISR         
0     003f47a3  _EMUINT_ISR          
0     003f47ad  _NMI_ISR             
0     003f47b7  _ILLEGAL_ISR         
0     003f47c1  _USER1_ISR           
0     003f47cb  _USER2_ISR           
0     003f47d5  _USER3_ISR           
0     003f47df  _USER4_ISR           
0     003f47e9  _USER5_ISR           
0     003f47f3  _USER6_ISR           
0     003f47fd  _USER7_ISR           
0     003f4807  _USER8_ISR           
0     003f4811  _USER9_ISR           
0     003f481b  _USER10_ISR          
0     003f4825  _USER11_ISR          
0     003f482f  _USER12_ISR          
0     003f4839  _ADCINT1_ISR         
0     003f4843  _ADCINT2_ISR         
0     003f484d  _XINT1_ISR           
0     003f4857  _XINT2_ISR           
0     003f4861  _ADCINT9_ISR         
0     003f486b  _TINT0_ISR           
0     003f4875  _WAKEINT_ISR         
0     003f487f  _EPWM1_TZINT_ISR     
0     003f4889  _EPWM2_TZINT_ISR     
0     003f4893  _EPWM3_TZINT_ISR     
0     003f489d  _EPWM4_TZINT_ISR     
0     003f48a7  _EPWM5_TZINT_ISR     
0     003f48b1  _EPWM6_TZINT_ISR     
0     003f48bb  _EPWM7_TZINT_ISR     
0     003f48c5  _EPWM8_TZINT_ISR     
0     003f48cf  _EPWM1_INT_ISR       
0     003f48d9  _EPWM2_INT_ISR       
0     003f48e3  _EPWM3_INT_ISR       
0     003f48ed  _EPWM4_INT_ISR       
0     003f48f7  _EPWM5_INT_ISR       
0     003f4901  _EPWM6_INT_ISR       
0     003f490b  _EPWM7_INT_ISR       
0     003f4915  _EPWM8_INT_ISR       
0     003f491f  _ECAP1_INT_ISR       
0     003f4929  _ECAP2_INT_ISR       
0     003f4933  _ECAP3_INT_ISR       
0     003f493d  _HRCAP1_INT_ISR      
0     003f4947  _HRCAP2_INT_ISR      
0     003f4951  _EQEP1_INT_ISR       
0     003f495b  _EQEP2_INT_ISR       
0     003f4965  _HRCAP3_INT_ISR      
0     003f496f  _HRCAP4_INT_ISR      
0     003f4979  _USB0_INT_ISR        
0     003f4983  _SPIRXINTA_ISR       
0     003f498d  _SPITXINTA_ISR       
0     003f4997  _SPIRXINTB_ISR       
0     003f49a1  _SPITXINTB_ISR       
0     003f49ab  _MRINTA_ISR          
0     003f49b5  _MXINTA_ISR          
0     003f49bf  _DINTCH1_ISR         
0     003f49c9  _DINTCH2_ISR         
0     003f49d3  _DINTCH3_ISR         
0     003f49dd  _DINTCH4_ISR         
0     003f49e7  _DINTCH5_ISR         
0     003f49f1  _DINTCH6_ISR         
0     003f49fb  _I2CINT1A_ISR        
0     003f4a05  _I2CINT2A_ISR        
0     003f4a0f  _SCIRXINTA_ISR       
0     003f4a19  _SCITXINTA_ISR       
0     003f4a23  _SCIRXINTB_ISR       
0     003f4a2d  _SCITXINTB_ISR       
0     003f4a37  _ECAN0INTA_ISR       
0     003f4a41  _ECAN1INTA_ISR       
0     003f4a4b  _ADCINT3_ISR         
0     003f4a55  _ADCINT4_ISR         
0     003f4a5f  _ADCINT5_ISR         
0     003f4a69  _ADCINT6_ISR         
0     003f4a73  _ADCINT7_ISR         
0     003f4a7d  _ADCINT8_ISR         
0     003f4a87  _CLA1_INT1_ISR       
0     003f4a91  _CLA1_INT2_ISR       
0     003f4a9b  _CLA1_INT3_ISR       
0     003f4aa5  _CLA1_INT4_ISR       
0     003f4aaf  _CLA1_INT5_ISR       
0     003f4ab9  _CLA1_INT6_ISR       
0     003f4ac3  _CLA1_INT7_ISR       
0     003f4acd  _CLA1_INT8_ISR       
0     003f4ad7  _XINT3_ISR           
0     003f4ae1  _LVF_ISR             
0     003f4aeb  _LUF_ISR             
0     003f4af5  _EMPTY_ISR           
0     003f4b02  _PIE_RESERVED        
0     003f4b0c  _rsvd_ISR            
0     003f4b16  _ABC_DQ              
0     003f4b95  _DQ_ABC              
0     003f4c04  _SIN3P_SFO           
0     003f4ca4  _PLL3P_INIT          
0     003f4cef  _PLL3P               
0     003f4d60  _MyInitEPwmGpio      
0     003f4db2  _MyInitEPwmSIN3L     
0     003f4ef9  _PWM3L_UPDATE        
0     003f4f9a  _main                
0     003f5112  _CHECKCB             
0     003f5179  _MyInitADC           
0     003f5354  _InitSysCtrl         
0     003f536e  _ServiceDog          
0     003f5378  _DisableDog          
0     003f5380  _InitPll             
0     003f53d5  _InitPll2            
0     003f5403  _InitPeripheralClocks
0     003f5459  _CsmUnlock           
0     003f548a  _IntOsc1Sel          
0     003f549a  _IntOsc2Sel          
0     003f54ae  _XtalOscSel          
0     003f54c2  _ExtOscSel           
0     003f54d8  FS$$DIV              
0     003f5560  FD$$MPY              
0     003f55e3  _DLOG_4CH_init       
0     003f55ee  _DLOG_4CH_update     
0     003f562e  _MySciaGpio          
0     003f5644  _RS485_INIT          
0     003f565e  _ENTX                
0     003f5666  _ENRX                
0     003f566e  _scia_xmit           
0     003f5678  _c_int00             
0     003f56be  _MyInitGpio          
0     003f56df  _DisableDriver       
0     003f56e9  _EnableDriver        
0     003f56f5  _InitPieCtrl         
0     003f5714  _EnableInterrupts    
0     003f571d  _InitPieVectTable    
0     003f5745  FD$$TOL              
0     003f5764  _memcpy              
0     003f5782  I$$TOFD              
0     003f579f  FS$$TOFD             
0     003f57bb  __args_main          
0     003f57d4  C$$EXIT              
0     003f57d4  _abort               
0     003f57d6  _exit                
0     003f57ed  __register_unlock    
0     003f57f1  __register_lock      
0     003f57f5  __nop                
0     003f57fe  ___cinit__           
0     003f57fe  ___etext__           
0     003f57fe  cinit                
0     003f57fe  etext                
0     003f59e0  _PieVectTableInit    
0     003f5aec  __IQ24sinPU          
0     003f5b15  __IQ24cosPU          
0     003f7ff6  code_start           
0     003fdf00  _IQsinTable          
0     003fe000  _IQcosTable          
0     003fe300  _IQsinTableEnd       
0     003fe402  _IQcosTableEnd       
0     003fe402  _IQdivRoundSatTable  
0     003fe410  _IQdivTable          
0     003fe612  _IQdivTableEnd       
0     003fe612  _IQisqrtRoundSatTable
0     003fe612  _IQsqrtRoundSatTable 
0     003fe622  _IQisqrtTable        
0     003fe622  _IQsqrtTable         
0     003fe724  _IQatan2HalfPITable  
0     003fe724  _IQisqrtTableEnd     
0     003fe724  _IQsqrtTableEnd      
0     003fe762  _IQatan2Table        
0     003fe8e8  _IQ30mpyRndSatTable  
0     003fe8e8  _IQatan2TableEnd     
0     003fe8e8  _IQmpyRndSatTable    
0     003fe8f4  _IQ29mpyRndSatTable  
0     003fe900  _IQ28mpyRndSatTable  
0     003fe90c  _IQ27mpyRndSatTable  
0     003fe918  _IQ26mpyRndSatTable  
0     003fe924  _IQ25mpyRndSatTable  
0     003fe930  _IQ24mpyRndSatTable  
0     003fe93c  _IQ23mpyRndSatTable  
0     003fe948  _IQ22mpyRndSatTable  
0     003fe954  _IQ21mpyRndSatTable  
0     003fe960  _IQ20mpyRndSatTable  
0     003fe96c  _IQ19mpyRndSatTable  
0     003fe978  _IQ18mpyRndSatTable  
0     003fe984  _IQ17mpyRndSatTable  
0     003fe990  _IQ16mpyRndSatTable  
0     003fe99c  _IQ15mpyRndSatTable  
0     003fe9a8  _IQ14mpyRndSatTable  
0     003fe9b4  _IQ13mpyRndSatTable  
0     003fe9c0  _IQ12mpyRndSatTable  
0     003fe9cc  _IQ11mpyRndSatTable  
0     003fe9d8  _IQ10mpyRndSatTable  
0     003fe9e4  _IQ9mpyRndSatTable   
0     003fe9f0  _IQ8mpyRndSatTable   
0     003fe9fc  _IQ7mpyRndSatTable   
0     003fea08  _IQ6mpyRndSatTable   
0     003fea14  _IQ5mpyRndSatTable   
0     003fea20  _IQ4mpyRndSatTable   
0     003fea2c  _IQ3mpyRndSatTable   
0     003fea38  _IQ2mpyRndSatTable   
0     003fea44  _IQ1mpyRndSatTable   
0     003fea50  _IQmpyRndSatTableEnd 
1     00000050  __stack              
1     00000350  __STACK_END          
1     00000880  _DevEmuRegs          
1     00000985  _SysPwrCtrlRegs      
1     00000a80  _FlashRegs           
1     00000ae0  _CsmRegs             
1     00000b00  _AdcResult           
1     00000c00  _CpuTimer0Regs       
1     00000c08  _CpuTimer1Regs       
1     00000c10  _CpuTimer2Regs       
1     00000ce0  _PieCtrlRegs         
1     00000d00  _EmuKey              
1     00000d00  _PieVectTable        
1     00000d01  _EmuBMode            
1     00000d02  _Flash_CallbackPtr   
1     00000d04  _Flash_CPUScaleFactor
1     00001000  _DmaRegs             
1     00001400  _Cla1Regs            
1     00004000  _Usb0Regs            
1     00005000  _McbspaRegs          
1     00006000  _ECanaRegs           
1     00006040  _ECanaLAMRegs        
1     00006080  _ECanaMOTSRegs       
1     000060c0  _ECanaMOTORegs       
1     00006100  _ECanaMboxes         
1     00006400  _Comp1Regs           
1     00006420  _Comp2Regs           
1     00006440  _Comp3Regs           
1     00006800  _EPwm1Regs           
1     00006840  _EPwm2Regs           
1     00006880  _EPwm3Regs           
1     000068c0  _EPwm4Regs           
1     00006900  _EPwm5Regs           
1     00006940  _EPwm6Regs           
1     00006980  _EPwm7Regs           
1     000069c0  _EPwm8Regs           
1     00006a00  _ECap1Regs           
1     00006a20  _ECap2Regs           
1     00006a40  _ECap3Regs           
1     00006ac0  _HRCap1Regs          
1     00006ae0  _HRCap2Regs          
1     00006b00  _EQep1Regs           
1     00006b40  _EQep2Regs           
1     00006c80  _HRCap3Regs          
1     00006ca0  _HRCap4Regs          
1     00006f80  _GpioCtrlRegs        
1     00006fc0  _GpioDataRegs        
1     00006fe0  _GpioIntRegs         
1     00007010  _SysCtrlRegs         
1     00007040  _SpiaRegs            
1     00007050  _SciaRegs            
1     00007060  _NmiIntruptRegs      
1     00007070  _XIntruptRegs        
1     00007100  _AdcRegs             
1     00007740  _SpibRegs            
1     00007750  _ScibRegs            
1     00007900  _I2caRegs            
1     00008c00  _DlogCh3             
1     00008c02  _start               
1     00008c03  _cbstatus            
1     00008c04  _buflag              
1     00008c05  _DlogCh2             
1     00008c06  _DlogCh1             
1     00008c07  _DlogCh4             
1     00008c10  _oVA                 
1     00008c12  _oVB                 
1     00008c14  _oIB                 
1     00008c16  _K1                  
1     00008c18  _K2                  
1     00008c1a  _oIC                 
1     00008c1c  _oVC                 
1     00008c1e  _LoopCount           
1     00008c20  _IsrTicker           
1     00008c22  _EPwmCount           
1     00008c24  _Vpu                 
1     00008c26  _oIA                 
1     00008c28  _IQref               
1     00008c2a  _IDref               
1     00008c2c  _T                   
1     00008c2e  _bucount             
1     00008c30  _ZLpu                
1     00008c40  _TrigSel             
1     00008c50  _ChSel               
1     00008c60  _rc1                 
1     00008c70  _ACQPS               
1     00008c80  _pll                 
1     00008c96  _dlog                
1     00008cc0  _pi_id               
1     00008cd8  _pi_iq               
1     00008d00  _curr                
1     00008d1e  _vref                
1     00008d40  _vols                
1     00008d5e  _pwm3l               
1     00008d80  _CpuTimer1           
1     00008d88  _CpuTimer2           
1     00008d90  _CpuTimer0           
1     00008d98  ___TI_cleanup_ptr    
1     00008d9a  ___TI_dtors_ptr      
1     00008d9c  __lock               
1     00008d9e  __unlock             
1     003d7e80  _PartIdRegs          
1     003f7ff8  _CsmPwl              
abs   000002ee  _RamfuncsLoadSize    
abs   00000300  __STACK_SIZE         
abs   ffffffff  ___binit__           
abs   ffffffff  ___c_args__          
abs   ffffffff  ___pinit__           
abs   ffffffff  binit                
abs   ffffffff  pinit                

[327 symbols]
